// Jest Snapshot v1, https://goo.gl/fbAQLP

exports[`MIDIFile should be able to change the tempo 1`] = `TVRoZAAAAAYAAQACAARNVHJrAAAAEwD/UQMST4AAkEBAEIBAQAD/LwBNVHJrAAAAEwD/UQMST4AAkERAEIBEQAD/LwA=`;

exports[`MIDIFile should create a MIDI file with the added notes 1`] = `TVRoZAAAAAYAAAABAARNVHJrAAAAFACQQEAEkEJABIBAQASAQkAA/y8A`;

exports[`MIDIFile should set a program change 1`] = `TVRoZAAAAAYAAQACAARNVHJrAAAADwCQQEACwAUOgEBAAP8vAE1UcmsAAAAMAJBEQAiAREAA/y8A`;
